
> backend@1.0.0 start
> node server.js

◇ injected env (31) from .env // tip: ⌘ override existing { override: true }
◇ injected env (0) from .env // tip: ⌁ auth for agents [www.vestauth.com]
◇ injected env (0) from .env // tip: ⌘ suppress logs { quiet: true }
✓ PostgreSQL database connected successfully
Initializing PostgreSQL schema...
Starting migration: C:\Users\harsh\Desktop\SEM-4\Society Management System SAAS\fullstack-project\backend\database\migrations\2026-06-05_add_missing_schema.sql
Migration completed: C:\Users\harsh\Desktop\SEM-4\Society Management System SAAS\fullstack-project\backend\database\migrations\2026-06-05_add_missing_schema.sql
Starting migration: C:\Users\harsh\Desktop\SEM-4\Society Management System SAAS\fullstack-project\backend\database\migrations\2026-06-11_create_complaint_comments.sql
Migration completed: C:\Users\harsh\Desktop\SEM-4\Society Management System SAAS\fullstack-project\backend\database\migrations\2026-06-11_create_complaint_comments.sql
✓ PostgreSQL schema initialized successfully
✓ Database schema initialized
✓ Auth schema validation passed
✓ Server running on port 5000
[Public] GET /societies
[Public] GET /societies
[Public] GET /societies result { count: 2 }
[Public] GET /societies result { count: 2 }
[getUserDirectory] schema flags { hasPhone: true, hasCreatedAt: true, hasDeletedAt: true }
[getUserDirectory] selectFields [
  'u.id',
  'u.name',
  'u.email',
  'u.role',
  'u.resident_type',
  'u.status',
  'u.is_verified',
  'u.society_id',
  'u.flat_id',
  'u.flat_number',
  's.code AS society_code',
  's.name AS society_name',
  's.address AS society_address',
  's.city AS society_city',
  's.state AS society_state',
  's.pincode AS society_pincode',
  'f.building_name',
  'f.wing AS flat_wing',
  'f.floor AS flat_floor',
  'f.flat_number AS flat_flat_number',
  'f.status AS flat_status',
  'w.name AS wing_name',
  'w.code AS wing_code',
  'w.id AS wing_id',
  'u.profile_photo_url',
  'NULL AS created_at',
  'NULL AS updated_at',
  'NULL AS deleted_at',
  'NULL AS deleted_by',
  'NULL AS delete_reason',
  'u.phone',
  'u.family_members',
  'u.approval_status',
  'u.approved_at',
  'u.kyc_status',
  'u.last_login'
]
[getUserDirectory] schema flags { hasPhone: true, hasCreatedAt: true, hasDeletedAt: true }
[getUserDirectory] selectFields [
  'u.id',
  'u.name',
  'u.email',
  'u.role',
  'u.resident_type',
  'u.status',
  'u.is_verified',
  'u.society_id',
  'u.flat_id',
  'u.flat_number',
  's.code AS society_code',
  's.name AS society_name',
  's.address AS society_address',
  's.city AS society_city',
  's.state AS society_state',
  's.pincode AS society_pincode',
  'f.building_name',
  'f.wing AS flat_wing',
  'f.floor AS flat_floor',
  'f.flat_number AS flat_flat_number',
  'f.status AS flat_status',
  'w.name AS wing_name',
  'w.code AS wing_code',
  'w.id AS wing_id',
  'u.profile_photo_url',
  'NULL AS created_at',
  'NULL AS updated_at',
  'NULL AS deleted_at',
  'NULL AS deleted_by',
  'NULL AS delete_reason',
  'u.phone',
  'u.family_members',
  'u.approval_status',
  'u.approved_at',
  'u.kyc_status',
  'u.last_login'
]
[getUserDirectory] schema flags { hasPhone: true, hasCreatedAt: true, hasDeletedAt: true }
[getUserDirectory] selectFields [
  'u.id',
  'u.name',
  'u.email',
  'u.role',
  'u.resident_type',
  'u.status',
  'u.is_verified',
  'u.society_id',
  'u.flat_id',
  'u.flat_number',
  's.code AS society_code',
  's.name AS society_name',
  's.address AS society_address',
  's.city AS society_city',
  's.state AS society_state',
  's.pincode AS society_pincode',
  'f.building_name',
  'f.wing AS flat_wing',
  'f.floor AS flat_floor',
  'f.flat_number AS flat_flat_number',
  'f.status AS flat_status',
  'w.name AS wing_name',
  'w.code AS wing_code',
  'w.id AS wing_id',
  'u.profile_photo_url',
  'NULL AS created_at',
  'NULL AS updated_at',
  'NULL AS deleted_at',
  'NULL AS deleted_by',
  'NULL AS delete_reason',
  'u.phone',
  'u.family_members',
  'u.approval_status',
  'u.approved_at',
  'u.kyc_status',
  'u.last_login'
]
[getUserDirectory] schema flags { hasPhone: true, hasCreatedAt: true, hasDeletedAt: true }
[getUserDirectory] selectFields [
  'u.id',
  'u.name',
  'u.email',
  'u.role',
  'u.resident_type',
  'u.status',
  'u.is_verified',
  'u.society_id',
  'u.flat_id',
  'u.flat_number',
  's.code AS society_code',
  's.name AS society_name',
  's.address AS society_address',
  's.city AS society_city',
  's.state AS society_state',
  's.pincode AS society_pincode',
  'f.building_name',
  'f.wing AS flat_wing',
  'f.floor AS flat_floor',
  'f.flat_number AS flat_flat_number',
  'f.status AS flat_status',
  'w.name AS wing_name',
  'w.code AS wing_code',
  'w.id AS wing_id',
  'u.profile_photo_url',
  'NULL AS created_at',
  'NULL AS updated_at',
  'NULL AS deleted_at',
  'NULL AS deleted_by',
  'NULL AS delete_reason',
  'u.phone',
  'u.family_members',
  'u.approval_status',
  'u.approved_at',
  'u.kyc_status',
  'u.last_login'
]
[getUserDirectory] schema flags { hasPhone: true, hasCreatedAt: true, hasDeletedAt: true }
[getUserDirectory] selectFields [
  'u.id',
  'u.name',
  'u.email',
  'u.role',
  'u.resident_type',
  'u.status',
  'u.is_verified',
  'u.society_id',
  'u.flat_id',
  'u.flat_number',
  's.code AS society_code',
  's.name AS society_name',
  's.address AS society_address',
  's.city AS society_city',
  's.state AS society_state',
  's.pincode AS society_pincode',
  'f.building_name',
  'f.wing AS flat_wing',
  'f.floor AS flat_floor',
  'f.flat_number AS flat_flat_number',
  'f.status AS flat_status',
  'w.name AS wing_name',
  'w.code AS wing_code',
  'w.id AS wing_id',
  'u.profile_photo_url',
  'NULL AS created_at',
  'NULL AS updated_at',
  'NULL AS deleted_at',
  'NULL AS deleted_by',
  'NULL AS delete_reason',
  'u.phone',
  'u.family_members',
  'u.approval_status',
  'u.approved_at',
  'u.kyc_status',
  'u.last_login'
]
[getUserDirectory] schema flags { hasPhone: true, hasCreatedAt: true, hasDeletedAt: true }
[getUserDirectory] selectFields [
  'u.id',
  'u.name',
  'u.email',
  'u.role',
  'u.resident_type',
  'u.status',
  'u.is_verified',
  'u.society_id',
  'u.flat_id',
  'u.flat_number',
  's.code AS society_code',
  's.name AS society_name',
  's.address AS society_address',
  's.city AS society_city',
  's.state AS society_state',
  's.pincode AS society_pincode',
  'f.building_name',
  'f.wing AS flat_wing',
  'f.floor AS flat_floor',
  'f.flat_number AS flat_flat_number',
  'f.status AS flat_status',
  'w.name AS wing_name',
  'w.code AS wing_code',
  'w.id AS wing_id',
  'u.profile_photo_url',
  'NULL AS created_at',
  'NULL AS updated_at',
  'NULL AS deleted_at',
  'NULL AS deleted_by',
  'NULL AS delete_reason',
  'u.phone',
  'u.family_members',
  'u.approval_status',
  'u.approved_at',
  'u.kyc_status',
  'u.last_login'
]
[Public] GET /societies
[Public] GET /societies
[Public] GET /societies result { count: 2 }
[Public] GET /societies result { count: 2 }
[getUserDirectory] schema flags { hasPhone: true, hasCreatedAt: true, hasDeletedAt: true }
[getUserDirectory] selectFields [
  'u.id',
  'u.name',
  'u.email',
  'u.role',
  'u.resident_type',
  'u.status',
  'u.is_verified',
  'u.society_id',
  'u.flat_id',
  'u.flat_number',
  's.code AS society_code',
  's.name AS society_name',
  's.address AS society_address',
  's.city AS society_city',
  's.state AS society_state',
  's.pincode AS society_pincode',
  'f.building_name',
  'f.wing AS flat_wing',
  'f.floor AS flat_floor',
  'f.flat_number AS flat_flat_number',
  'f.status AS flat_status',
  'w.name AS wing_name',
  'w.code AS wing_code',
  'w.id AS wing_id',
  'u.profile_photo_url',
  'NULL AS created_at',
  'NULL AS updated_at',
  'NULL AS deleted_at',
  'NULL AS deleted_by',
  'NULL AS delete_reason',
  'u.phone',
  'u.family_members',
  'u.approval_status',
  'u.approved_at',
  'u.kyc_status',
  'u.last_login'
]
[getUserDirectory] schema flags { hasPhone: true, hasCreatedAt: true, hasDeletedAt: true }
[getUserDirectory] selectFields [
  'u.id',
  'u.name',
  'u.email',
  'u.role',
  'u.resident_type',
  'u.status',
  'u.is_verified',
  'u.society_id',
  'u.flat_id',
  'u.flat_number',
  's.code AS society_code',
  's.name AS society_name',
  's.address AS society_address',
  's.city AS society_city',
  's.state AS society_state',
  's.pincode AS society_pincode',
  'f.building_name',
  'f.wing AS flat_wing',
  'f.floor AS flat_floor',
  'f.flat_number AS flat_flat_number',
  'f.status AS flat_status',
  'w.name AS wing_name',
  'w.code AS wing_code',
  'w.id AS wing_id',
  'u.profile_photo_url',
  'NULL AS created_at',
  'NULL AS updated_at',
  'NULL AS deleted_at',
  'NULL AS deleted_by',
  'NULL AS delete_reason',
  'u.phone',
  'u.family_members',
  'u.approval_status',
  'u.approved_at',
  'u.kyc_status',
  'u.last_login'
]
[getUserDirectory] schema flags { hasPhone: true, hasCreatedAt: true, hasDeletedAt: true }
[getUserDirectory] selectFields [
  'u.id',
  'u.name',
  'u.email',
  'u.role',
  'u.resident_type',
  'u.status',
  'u.is_verified',
  'u.society_id',
  'u.flat_id',
  'u.flat_number',
  's.code AS society_code',
  's.name AS society_name',
  's.address AS society_address',
  's.city AS society_city',
  's.state AS society_state',
  's.pincode AS society_pincode',
  'f.building_name',
  'f.wing AS flat_wing',
  'f.floor AS flat_floor',
  'f.flat_number AS flat_flat_number',
  'f.status AS flat_status',
  'w.name AS wing_name',
  'w.code AS wing_code',
  'w.id AS wing_id',
  'u.profile_photo_url',
  'NULL AS created_at',
  'NULL AS updated_at',
  'NULL AS deleted_at',
  'NULL AS deleted_by',
  'NULL AS delete_reason',
  'u.phone',
  'u.family_members',
  'u.approval_status',
  'u.approved_at',
  'u.kyc_status',
  'u.last_login'
]
[getUserDirectory] schema flags { hasPhone: true, hasCreatedAt: true, hasDeletedAt: true }
[getUserDirectory] selectFields [
  'u.id',
  'u.name',
  'u.email',
  'u.role',
  'u.resident_type',
  'u.status',
  'u.is_verified',
  'u.society_id',
  'u.flat_id',
  'u.flat_number',
  's.code AS society_code',
  's.name AS society_name',
  's.address AS society_address',
  's.city AS society_city',
  's.state AS society_state',
  's.pincode AS society_pincode',
  'f.building_name',
  'f.wing AS flat_wing',
  'f.floor AS flat_floor',
  'f.flat_number AS flat_flat_number',
  'f.status AS flat_status',
  'w.name AS wing_name',
  'w.code AS wing_code',
  'w.id AS wing_id',
  'u.profile_photo_url',
  'NULL AS created_at',
  'NULL AS updated_at',
  'NULL AS deleted_at',
  'NULL AS deleted_by',
  'NULL AS delete_reason',
  'u.phone',
  'u.family_members',
  'u.approval_status',
  'u.approved_at',
  'u.kyc_status',
  'u.last_login'
]
[getUserDirectory] schema flags { hasPhone: true, hasCreatedAt: true, hasDeletedAt: true }
[getUserDirectory] selectFields [
  'u.id',
  'u.name',
  'u.email',
  'u.role',
  'u.resident_type',
  'u.status',
  'u.is_verified',
  'u.society_id',
  'u.flat_id',
  'u.flat_number',
  's.code AS society_code',
  's.name AS society_name',
  's.address AS society_address',
  's.city AS society_city',
  's.state AS society_state',
  's.pincode AS society_pincode',
  'f.building_name',
  'f.wing AS flat_wing',
  'f.floor AS flat_floor',
  'f.flat_number AS flat_flat_number',
  'f.status AS flat_status',
  'w.name AS wing_name',
  'w.code AS wing_code',
  'w.id AS wing_id',
  'u.profile_photo_url',
  'NULL AS created_at',
  'NULL AS updated_at',
  'NULL AS deleted_at',
  'NULL AS deleted_by',
  'NULL AS delete_reason',
  'u.phone',
  'u.family_members',
  'u.approval_status',
  'u.approved_at',
  'u.kyc_status',
  'u.last_login'
]
[getUserDirectory] schema flags { hasPhone: true, hasCreatedAt: true, hasDeletedAt: true }
[getUserDirectory] selectFields [
  'u.id',
  'u.name',
  'u.email',
  'u.role',
  'u.resident_type',
  'u.status',
  'u.is_verified',
  'u.society_id',
  'u.flat_id',
  'u.flat_number',
  's.code AS society_code',
  's.name AS society_name',
  's.address AS society_address',
  's.city AS society_city',
  's.state AS society_state',
  's.pincode AS society_pincode',
  'f.building_name',
  'f.wing AS flat_wing',
  'f.floor AS flat_floor',
  'f.flat_number AS flat_flat_number',
  'f.status AS flat_status',
  'w.name AS wing_name',
  'w.code AS wing_code',
  'w.id AS wing_id',
  'u.profile_photo_url',
  'NULL AS created_at',
  'NULL AS updated_at',
  'NULL AS deleted_at',
  'NULL AS deleted_by',
  'NULL AS delete_reason',
  'u.phone',
  'u.family_members',
  'u.approval_status',
  'u.approved_at',
  'u.kyc_status',
  'u.last_login'
]
[getUserDirectory] schema flags { hasPhone: true, hasCreatedAt: true, hasDeletedAt: true }
[getUserDirectory] selectFields [
  'u.id',
  'u.name',
  'u.email',
  'u.role',
  'u.resident_type',
  'u.status',
  'u.is_verified',
  'u.society_id',
  'u.flat_id',
  'u.flat_number',
  's.code AS society_code',
  's.name AS society_name',
  's.address AS society_address',
  's.city AS society_city',
  's.state AS society_state',
  's.pincode AS society_pincode',
  'f.building_name',
  'f.wing AS flat_wing',
  'f.floor AS flat_floor',
  'f.flat_number AS flat_flat_number',
  'f.status AS flat_status',
  'w.name AS wing_name',
  'w.code AS wing_code',
  'w.id AS wing_id',
  'u.profile_photo_url',
  'NULL AS created_at',
  'NULL AS updated_at',
  'NULL AS deleted_at',
  'NULL AS deleted_by',
  'NULL AS delete_reason',
  'u.phone',
  'u.family_members',
  'u.approval_status',
  'u.approved_at',
  'u.kyc_status',
  'u.last_login'
]
[getUserDirectory] schema flags { hasPhone: true, hasCreatedAt: true, hasDeletedAt: true }
[getUserDirectory] selectFields [
  'u.id',
  'u.name',
  'u.email',
  'u.role',
  'u.resident_type',
  'u.status',
  'u.is_verified',
  'u.society_id',
  'u.flat_id',
  'u.flat_number',
  's.code AS society_code',
  's.name AS society_name',
  's.address AS society_address',
  's.city AS society_city',
  's.state AS society_state',
  's.pincode AS society_pincode',
  'f.building_name',
  'f.wing AS flat_wing',
  'f.floor AS flat_floor',
  'f.flat_number AS flat_flat_number',
  'f.status AS flat_status',
  'w.name AS wing_name',
  'w.code AS wing_code',
  'w.id AS wing_id',
  'u.profile_photo_url',
  'NULL AS created_at',
  'NULL AS updated_at',
  'NULL AS deleted_at',
  'NULL AS deleted_by',
  'NULL AS delete_reason',
  'u.phone',
  'u.family_members',
  'u.approval_status',
  'u.approved_at',
  'u.kyc_status',
  'u.last_login'
]
